Archive member included to satisfy reference by file (symbol)

/usr/lib/gcc/arm-none-eabi/6.3.1/thumb/v6-m/libgcc.a(_udivsi3.o)
                              ./system/src/stm32f0-stdperiph/stm32f0xx_rcc.o (__aeabi_uidiv)
/usr/lib/gcc/arm-none-eabi/6.3.1/thumb/v6-m/libgcc.a(_divsi3.o)
                              ./src/main.o (__aeabi_idiv)
/usr/lib/gcc/arm-none-eabi/6.3.1/thumb/v6-m/libgcc.a(_dvmd_tls.o)
                              /usr/lib/gcc/arm-none-eabi/6.3.1/thumb/v6-m/libgcc.a(_udivsi3.o) (__aeabi_idiv0)
/usr/lib/gcc/arm-none-eabi/6.3.1/../../../arm-none-eabi/lib/thumb/v6-m/libg_nano.a(lib_a-errno.o)
                              ./system/src/newlib/_sbrk.o (__errno)
/usr/lib/gcc/arm-none-eabi/6.3.1/../../../arm-none-eabi/lib/thumb/v6-m/libg_nano.a(lib_a-impure.o)
                              /usr/lib/gcc/arm-none-eabi/6.3.1/../../../arm-none-eabi/lib/thumb/v6-m/libg_nano.a(lib_a-errno.o) (_impure_ptr)
/usr/lib/gcc/arm-none-eabi/6.3.1/../../../arm-none-eabi/lib/thumb/v6-m/libg_nano.a(lib_a-strlen-stub.o)
                              ./system/src/diag/Trace.o (strlen)
/usr/lib/gcc/arm-none-eabi/6.3.1/../../../arm-none-eabi/lib/thumb/v6-m/libg_nano.a(lib_a-vsnprintf.o)
                              ./system/src/diag/Trace.o (vsnprintf)
/usr/lib/gcc/arm-none-eabi/6.3.1/../../../arm-none-eabi/lib/thumb/v6-m/libg_nano.a(lib_a-nano-svfprintf.o)
                              /usr/lib/gcc/arm-none-eabi/6.3.1/../../../arm-none-eabi/lib/thumb/v6-m/libg_nano.a(lib_a-vsnprintf.o) (_svfprintf_r)
/usr/lib/gcc/arm-none-eabi/6.3.1/../../../arm-none-eabi/lib/thumb/v6-m/libg_nano.a(lib_a-nano-vfprintf_i.o)
                              /usr/lib/gcc/arm-none-eabi/6.3.1/../../../arm-none-eabi/lib/thumb/v6-m/libg_nano.a(lib_a-nano-svfprintf.o) (_printf_i)
/usr/lib/gcc/arm-none-eabi/6.3.1/../../../arm-none-eabi/lib/thumb/v6-m/libg_nano.a(lib_a-memchr-stub.o)
                              /usr/lib/gcc/arm-none-eabi/6.3.1/../../../arm-none-eabi/lib/thumb/v6-m/libg_nano.a(lib_a-nano-svfprintf.o) (memchr)
/usr/lib/gcc/arm-none-eabi/6.3.1/../../../arm-none-eabi/lib/thumb/v6-m/libg_nano.a(lib_a-memcpy-stub.o)
                              /usr/lib/gcc/arm-none-eabi/6.3.1/../../../arm-none-eabi/lib/thumb/v6-m/libg_nano.a(lib_a-nano-svfprintf.o) (memcpy)
/usr/lib/gcc/arm-none-eabi/6.3.1/../../../arm-none-eabi/lib/thumb/v6-m/libg_nano.a(lib_a-memmove.o)
                              /usr/lib/gcc/arm-none-eabi/6.3.1/../../../arm-none-eabi/lib/thumb/v6-m/libg_nano.a(lib_a-nano-svfprintf.o) (memmove)
/usr/lib/gcc/arm-none-eabi/6.3.1/../../../arm-none-eabi/lib/thumb/v6-m/libg_nano.a(lib_a-nano-freer.o)
                              /usr/lib/gcc/arm-none-eabi/6.3.1/../../../arm-none-eabi/lib/thumb/v6-m/libg_nano.a(lib_a-nano-svfprintf.o) (_free_r)
/usr/lib/gcc/arm-none-eabi/6.3.1/../../../arm-none-eabi/lib/thumb/v6-m/libg_nano.a(lib_a-nano-mallocr.o)
                              /usr/lib/gcc/arm-none-eabi/6.3.1/../../../arm-none-eabi/lib/thumb/v6-m/libg_nano.a(lib_a-nano-svfprintf.o) (_malloc_r)
/usr/lib/gcc/arm-none-eabi/6.3.1/../../../arm-none-eabi/lib/thumb/v6-m/libg_nano.a(lib_a-nano-reallocr.o)
                              /usr/lib/gcc/arm-none-eabi/6.3.1/../../../arm-none-eabi/lib/thumb/v6-m/libg_nano.a(lib_a-nano-svfprintf.o) (_realloc_r)
/usr/lib/gcc/arm-none-eabi/6.3.1/../../../arm-none-eabi/lib/thumb/v6-m/libg_nano.a(lib_a-sbrkr.o)
                              /usr/lib/gcc/arm-none-eabi/6.3.1/../../../arm-none-eabi/lib/thumb/v6-m/libg_nano.a(lib_a-nano-mallocr.o) (_sbrk_r)
/usr/lib/gcc/arm-none-eabi/6.3.1/../../../arm-none-eabi/lib/thumb/v6-m/libg_nano.a(lib_a-nano-msizer.o)
                              /usr/lib/gcc/arm-none-eabi/6.3.1/../../../arm-none-eabi/lib/thumb/v6-m/libg_nano.a(lib_a-nano-reallocr.o) (_malloc_usable_size_r)

Allocating common symbols
Common symbol       size              file

errno               0x4               ./system/src/newlib/_syscalls.o
frozenBuffer        0x4               ./src/main.o
buffer              0x8               ./src/main.o
button_selection    0x4               ./src/main.o
miliseconds         0x4               ./src/main.o
seconds             0x4               ./src/main.o
minutes             0x4               ./src/main.o

Discarded input sections

 .group         0x0000000000000000        0x8 ./system/src/stm32f0-stdperiph/stm32f0xx_gpio.o
 .group         0x0000000000000000        0x8 ./system/src/stm32f0-stdperiph/stm32f0xx_gpio.o
 .group         0x0000000000000000        0x8 ./system/src/stm32f0-stdperiph/stm32f0xx_gpio.o
 .group         0x0000000000000000        0x8 ./system/src/stm32f0-stdperiph/stm32f0xx_gpio.o
 .group         0x0000000000000000        0x8 ./system/src/stm32f0-stdperiph/stm32f0xx_gpio.o
 .group         0x0000000000000000        0x8 ./system/src/stm32f0-stdperiph/stm32f0xx_gpio.o
 .group         0x0000000000000000        0x8 ./system/src/stm32f0-stdperiph/stm32f0xx_gpio.o
[...]
Memory Configuration

Name             Origin             Length             Attributes
RAM              0x0000000020000000 0x0000000000002000 xrw
CCMRAM           0x0000000000000000 0x0000000000000000 xrw
FLASH            0x0000000008000000 0x0000000000008000 xr
FLASHB1          0x0000000000000000 0x0000000000000000 xr
EXTMEMB0         0x0000000000000000 0x0000000000000000 xr
EXTMEMB1         0x0000000000000000 0x0000000000000000 xr
EXTMEMB2         0x0000000000000000 0x0000000000000000 xr
EXTMEMB3         0x0000000000000000 0x0000000000000000 xr
MEMORY_ARRAY     0x0000000000000000 0x0000000000000000 xrw
*default*        0x0000000000000000 0xffffffffffffffff

Linker script and memory map

LOAD ./system/src/stm32f0-stdperiph/stm32f0xx_gpio.o
LOAD ./system/src/stm32f0-stdperiph/stm32f0xx_rcc.o
LOAD ./system/src/newlib/_cxx.o
LOAD ./system/src/newlib/_exit.o
LOAD ./system/src/newlib/_sbrk.o
LOAD ./system/src/newlib/_startup.o
LOAD ./system/src/newlib/_syscalls.o
LOAD ./system/src/newlib/assert.o
LOAD ./system/src/diag/Trace.o
LOAD ./system/src/diag/trace_impl.o
LOAD ./system/src/cortexm/_initialize_hardware.o
LOAD ./system/src/cortexm/_reset_hardware.o
LOAD ./system/src/cortexm/exception_handlers.o
LOAD ./system/src/cmsis/system_stm32f0xx.o
LOAD ./system/src/cmsis/vectors_stm32f0xx.o
LOAD ./src/_write.o
LOAD ./src/lcd_stm32f0.o
LOAD ./src/main.o
LOAD /usr/lib/gcc/arm-none-eabi/6.3.1/../../../arm-none-eabi/lib/thumb/v6-m/libstdc++_nano.a
LOAD /usr/lib/gcc/arm-none-eabi/6.3.1/../../../arm-none-eabi/lib/thumb/v6-m/libm.a
START GROUP
LOAD /usr/lib/gcc/arm-none-eabi/6.3.1/thumb/v6-m/libgcc.a
LOAD /usr/lib/gcc/arm-none-eabi/6.3.1/../../../arm-none-eabi/lib/thumb/v6-m/libg_nano.a
LOAD /usr/lib/gcc/arm-none-eabi/6.3.1/../../../arm-none-eabi/lib/thumb/v6-m/libc_nano.a
END GROUP
START GROUP
LOAD /usr/lib/gcc/arm-none-eabi/6.3.1/thumb/v6-m/libgcc.a
LOAD /usr/lib/gcc/arm-none-eabi/6.3.1/../../../arm-none-eabi/lib/thumb/v6-m/libc_nano.a
END GROUP
                0x0000000020002000                __stack = (ORIGIN (RAM) + LENGTH (RAM))
                0x0000000020002000                _estack = __stack
                0x0000000000000400                __Main_Stack_Size = 0x400
                [!provide]                        PROVIDE (_Main_Stack_Size, __Main_Stack_Size)
                0x0000000020001c00                __Main_Stack_Limit = (__stack - __Main_Stack_Size)
                [!provide]                        PROVIDE (_Main_Stack_Limit, __Main_Stack_Limit)
                0x0000000000000100                _Minimum_Stack_Size = 0x100
                0x0000000020000140                PROVIDE (_Heap_Begin, _end_noinit)
                0x0000000020001c00                PROVIDE (_Heap_Limit, (__stack - __Main_Stack_Size))

.isr_vector     0x0000000008000000      0x230
 FILL mask 0xff
                0x0000000008000000                __vectors_start = ABSOLUTE (.)
                0x0000000008000000                __vectors_start__ = ABSOLUTE (.)
 *(.isr_vector)
 .isr_vector    0x0000000008000000       0xc4 ./system/src/cmsis/vectors_stm32f0xx.o
                0x0000000008000000                g_pfnVectors
 *(.cfmconfig)
 *(.after_vectors .after_vectors.*)
 .after_vectors
                0x00000000080000c4      0x118 ./system/src/newlib/_startup.o
                0x00000000080000c4                _start
 .after_vectors
                0x00000000080001dc       0x50 ./system/src/cortexm/exception_handlers.o
                0x00000000080001dc                Reset_Handler
                0x00000000080001e2                NMI_Handler
                0x00000000080001e6                HardFault_Handler
                0x00000000080001fe                HardFault_Handler_C
                0x000000000800021c                SVC_Handler
                0x0000000008000220                PendSV_Handler
                0x0000000008000224                SysTick_Handler
 .after_vectors
                0x000000000800022c        0x4 ./system/src/cmsis/vectors_stm32f0xx.o
                0x000000000800022c                TIM1_CC_IRQHandler
                0x000000000800022c                TSC_IRQHandler
                0x000000000800022c                ADC1_COMP_IRQHandler
                0x000000000800022c                TIM6_IRQHandler
                0x000000000800022c                PVD_IRQHandler
                0x000000000800022c                I2C1_IRQHandler
                0x000000000800022c                RCC_CRS_IRQHandler
                0x000000000800022c                SPI1_IRQHandler
                0x000000000800022c                TIM6_DAC_IRQHandler
                0x000000000800022c                USART3_4_IRQHandler
                0x000000000800022c                EXTI2_3_IRQHandler
                0x000000000800022c                ADC1_IRQHandler
                0x000000000800022c                I2C2_IRQHandler
                0x000000000800022c                USART3_6_IRQHandler
                0x000000000800022c                TIM17_IRQHandler
                0x000000000800022c                CEC_CAN_IRQHandler
                0x000000000800022c                RTC_IRQHandler
                0x000000000800022c                PVD_VDDIO2_IRQHandler
                0x000000000800022c                DMA1_Channel4_5_6_7_IRQHandler
                0x000000000800022c                TIM16_IRQHandler
                0x000000000800022c                TIM3_IRQHandler
                0x000000000800022c                RCC_IRQHandler
                0x000000000800022c                EXTI4_15_IRQHandler
                0x000000000800022c                USART3_8_IRQHandler
                0x000000000800022c                DMA1_Channel1_IRQHandler
                0x000000000800022c                Default_Handler
                0x000000000800022c                CEC_IRQHandler
                0x000000000800022c                DMA1_Channel4_5_IRQHandler
                0x000000000800022c                TIM7_IRQHandler
                0x000000000800022c                TIM15_IRQHandler
                0x000000000800022c                EXTI0_1_IRQHandler
                0x000000000800022c                USB_IRQHandler
                0x000000000800022c                SPI2_IRQHandler
                0x000000000800022c                DMA1_Ch2_3_DMA2_Ch1_2_IRQHandler
                0x000000000800022c                DMA1_Ch4_7_DMA2_Ch3_5_IRQHandler
                0x000000000800022c                TS_IRQHandler
                0x000000000800022c                WWDG_IRQHandler
                0x000000000800022c                TIM2_IRQHandler
                0x000000000800022c                DMA1_Channel2_3_IRQHandler
                0x000000000800022c                USART2_IRQHandler
                0x000000000800022c                VDDIO2_IRQHandler
                0x000000000800022c                FLASH_IRQHandler
                0x000000000800022c                USART1_IRQHandler
                0x000000000800022c                TIM1_BRK_UP_TRG_COM_IRQHandler

.inits          0x0000000008000230       0x28
                0x0000000008000230                __data_regions_array_start = .
                0x0000000008000230        0x4 LONG 0x8001c08 LOADADDR (.data)
                0x0000000008000234        0x4 LONG 0x20000000 ADDR (.data)
                0x0000000008000238        0x4 LONG 0x20000088 (ADDR (.data) + SIZEOF (.data))
                0x000000000800023c        0x4 LONG 0x8001c08 LOADADDR (.data_CCMRAM)
                0x0000000008000240        0x4 LONG 0x0 ADDR (.data_CCMRAM)
                0x0000000008000244        0x4 LONG 0x0 (ADDR (.data_CCMRAM) + SIZEOF (.data_CCMRAM))
                0x0000000008000248                __data_regions_array_end = .
                0x0000000008000248                __bss_regions_array_start = .
                0x0000000008000248        0x4 LONG 0x20000088 ADDR (.bss)
                0x000000000800024c        0x4 LONG 0x20000140 (ADDR (.bss) + SIZEOF (.bss))
                0x0000000008000250        0x4 LONG 0x0 ADDR (.bss_CCMRAM)
                0x0000000008000254        0x4 LONG 0x0 (ADDR (.bss_CCMRAM) + SIZEOF (.bss_CCMRAM))
                0x0000000008000258                __bss_regions_array_end = .
 *(.init)
 *(.fini)
                0x0000000008000258                . = ALIGN (0x4)
                0x0000000008000258                PROVIDE (__preinit_array_start, .)
 *(.preinit_array_sysinit .preinit_array_sysinit.*)
 *(.preinit_array_platform .preinit_array_platform.*)
 *(.preinit_array .preinit_array.*)
                0x0000000008000258                PROVIDE (__preinit_array_end, .)
                0x0000000008000258                . = ALIGN (0x4)
                0x0000000008000258                PROVIDE (__init_array_start, .)
 *(SORT(.init_array.*))
 *(.init_array)
                0x0000000008000258                PROVIDE (__init_array_end, .)
                0x0000000008000258                . = ALIGN (0x4)
                0x0000000008000258                PROVIDE (__fini_array_start, .)
 *(SORT(.fini_array.*))
 *(.fini_array)
                0x0000000008000258                PROVIDE (__fini_array_end, .)

.flashtext
 *(.flashtext .flashtext.*)

.text           0x0000000008000258     0x19b0
 *(.text .text.*)
 .text._exit    0x0000000008000258        0x2 ./system/src/newlib/_exit.o
                0x0000000008000258                _exit
 *fill*         0x000000000800025a        0x2 
 .text._sbrk    0x000000000800025c       0x48 ./system/src/newlib/_sbrk.o
                0x000000000800025c                _sbrk
 .text.__initialize_args
                0x00000000080002a4       0x10 ./system/src/newlib/_syscalls.o
                0x00000000080002a4                __initialize_args
 .text.trace_printf
                0x00000000080002b4       0x2c ./system/src/diag/Trace.o
                0x00000000080002b4                trace_printf
 .text._trace_write_semihosting_debug
                0x00000000080002e0       0x60 ./system/src/diag/trace_impl.o
 .text.trace_write
                0x0000000008000340        0x8 ./system/src/diag/trace_impl.o
                0x0000000008000340                trace_write
 .text.__initialize_hardware_early
                0x0000000008000348        0x8 ./system/src/cortexm/_initialize_hardware.o
                0x0000000008000348                __initialize_hardware_early
 .text.__initialize_hardware
                0x0000000008000350        0x8 ./system/src/cortexm/_initialize_hardware.o
                0x0000000008000350                __initialize_hardware
 .text.dumpExceptionStack
                0x0000000008000358       0x88 ./system/src/cortexm/exception_handlers.o
                0x0000000008000358                dumpExceptionStack
 .text.SetSysClock
                0x00000000080003e0       0xb4 ./system/src/cmsis/system_stm32f0xx.o
 .text.SystemInit
                0x0000000008000494       0x64 ./system/src/cmsis/system_stm32f0xx.o
                0x0000000008000494                SystemInit
 .text.SystemCoreClockUpdate
                0x00000000080004f8       0x94 ./system/src/cmsis/system_stm32f0xx.o
                0x00000000080004f8                SystemCoreClockUpdate
 .text.delay    0x000000000800058c       0x20 ./src/lcd_stm32f0.o
                0x000000000800058c                delay
 .text.pulse_strobe
                0x00000000080005ac       0x38 ./src/lcd_stm32f0.o
                0x00000000080005ac                pulse_strobe
 .text.lcd_putchar
                0x00000000080005e4      0x124 ./src/lcd_stm32f0.o
                0x00000000080005e4                lcd_putchar
 .text.lcd_putstring
                0x0000000008000708       0x1a ./src/lcd_stm32f0.o
                0x0000000008000708                lcd_putstring
 *fill*         0x0000000008000722        0x2 
 .text.lcd_command
                0x0000000008000724      0x130 ./src/lcd_stm32f0.o
                0x0000000008000724                lcd_command
 .text.init_LCD
                0x0000000008000854       0x80 ./src/lcd_stm32f0.o
                0x0000000008000854                init_LCD
 .text.init_ports
                0x00000000080008d4       0x3c ./src/main.o
                0x00000000080008d4                init_ports
 .text.init_TIM14
                0x0000000008000910       0x30 ./src/main.o
                0x0000000008000910                init_TIM14
 .text.init_NVIC
                0x0000000008000940       0x54 ./src/main.o
                0x0000000008000940                init_NVIC
 .text.TIM14_IRQHandler
                0x0000000008000994       0x4c ./src/main.o
                0x0000000008000994                TIM14_IRQHandler
 .text.check_pb
                0x00000000080009e0       0xb0 ./src/main.o
                0x00000000080009e0                check_pb
 .text.display  0x0000000008000a90       0x98 ./src/main.o
                0x0000000008000a90                display
 .text.main     0x0000000008000b28       0x8c ./src/main.o
                0x0000000008000b28                main
 .text          0x0000000008000bb4      0x114 /usr/lib/gcc/arm-none-eabi/6.3.1/thumb/v6-m/libgcc.a(_udivsi3.o)
                0x0000000008000bb4                __udivsi3
                0x0000000008000bb4                __aeabi_uidiv
                0x0000000008000cc0                __aeabi_uidivmod
 .text          0x0000000008000cc8      0x1d4 /usr/lib/gcc/arm-none-eabi/6.3.1/thumb/v6-m/libgcc.a(_divsi3.o)
                0x0000000008000cc8                __aeabi_idiv
                0x0000000008000cc8                __divsi3
                0x0000000008000e94                __aeabi_idivmod
 .text          0x0000000008000e9c        0x4 /usr/lib/gcc/arm-none-eabi/6.3.1/thumb/v6-m/libgcc.a(_dvmd_tls.o)
                0x0000000008000e9c                __aeabi_ldiv0
                0x0000000008000e9c                __aeabi_idiv0
 .text          0x0000000008000ea0        0xc /usr/lib/gcc/arm-none-eabi/6.3.1/../../../arm-none-eabi/lib/thumb/v6-m/libg_nano.a(lib_a-errno.o)
                0x0000000008000ea0                __errno
 .text          0x0000000008000eac       0x94 /usr/lib/gcc/arm-none-eabi/6.3.1/../../../arm-none-eabi/lib/thumb/v6-m/libg_nano.a(lib_a-vsnprintf.o)
                0x0000000008000eac                _vsnprintf_r
                0x0000000008000eac                _vsniprintf_r
                0x0000000008000f20                vsnprintf
                0x0000000008000f20                vsniprintf
 .text          0x0000000008000f40      0x43c /usr/lib/gcc/arm-none-eabi/6.3.1/../../../arm-none-eabi/lib/thumb/v6-m/libg_nano.a(lib_a-nano-svfprintf.o)
                0x0000000008000f40                __ssputs_r
                0x0000000008001014                __ssprint_r
                0x0000000008001134                _svfprintf_r
                0x0000000008001134                _svfiprintf_r
 .text          0x000000000800137c      0x3e8 /usr/lib/gcc/arm-none-eabi/6.3.1/../../../arm-none-eabi/lib/thumb/v6-m/libg_nano.a(lib_a-nano-vfprintf_i.o)
                0x000000000800137c                _printf_common
                0x00000000080014b8                _printf_i
 .text          0x0000000008001764       0x80 /usr/lib/gcc/arm-none-eabi/6.3.1/../../../arm-none-eabi/lib/thumb/v6-m/libg_nano.a(lib_a-memchr-stub.o)
                0x0000000008001764                memchr
 .text          0x00000000080017e4       0x84 /usr/lib/gcc/arm-none-eabi/6.3.1/../../../arm-none-eabi/lib/thumb/v6-m/libg_nano.a(lib_a-memcpy-stub.o)
                0x00000000080017e4                memcpy
 .text          0x0000000008001868       0xa0 /usr/lib/gcc/arm-none-eabi/6.3.1/../../../arm-none-eabi/lib/thumb/v6-m/libg_nano.a(lib_a-memmove.o)
                0x0000000008001868                memmove
 .text          0x0000000008001908       0x94 /usr/lib/gcc/arm-none-eabi/6.3.1/../../../arm-none-eabi/lib/thumb/v6-m/libg_nano.a(lib_a-nano-freer.o)
                0x0000000008001908                _free_r
 .text          0x000000000800199c       0xc0 /usr/lib/gcc/arm-none-eabi/6.3.1/../../../arm-none-eabi/lib/thumb/v6-m/libg_nano.a(lib_a-nano-mallocr.o)
                0x000000000800199c                _malloc_r
 .text          0x0000000008001a5c       0x54 /usr/lib/gcc/arm-none-eabi/6.3.1/../../../arm-none-eabi/lib/thumb/v6-m/libg_nano.a(lib_a-nano-reallocr.o)
                0x0000000008001a5c                _realloc_r
 .text          0x0000000008001ab0       0x24 /usr/lib/gcc/arm-none-eabi/6.3.1/../../../arm-none-eabi/lib/thumb/v6-m/libg_nano.a(lib_a-sbrkr.o)
                0x0000000008001ab0                _sbrk_r
 .text          0x0000000008001ad4       0x14 /usr/lib/gcc/arm-none-eabi/6.3.1/../../../arm-none-eabi/lib/thumb/v6-m/libg_nano.a(lib_a-nano-msizer.o)
                0x0000000008001ad4                _malloc_usable_size_r
 *(.rodata .rodata.* .constdata .constdata.*)
 .rodata.dumpExceptionStack.str1.4
                0x0000000008001ae8       0xae ./system/src/cortexm/exception_handlers.o
 *fill*         0x0000000008001b96        0x2 
 .rodata.str1.4
                0x0000000008001b98        0xd ./system/src/cortexm/exception_handlers.o
 *fill*         0x0000000008001ba5        0x3 
 .rodata.display.str1.4
                0x0000000008001ba8        0x5 ./src/main.o
 *fill*         0x0000000008001bad        0x3 
 .rodata.main.str1.4
                0x0000000008001bb0       0x16 ./src/main.o
 *fill*         0x0000000008001bc6        0x2 
 .rodata.str1.4
                0x0000000008001bc8        0x2 /usr/lib/gcc/arm-none-eabi/6.3.1/../../../arm-none-eabi/lib/thumb/v6-m/libg_nano.a(lib_a-impure.o)
 *fill*         0x0000000008001bca        0x2 
 .rodata.str1.4
                0x0000000008001bcc       0x13 /usr/lib/gcc/arm-none-eabi/6.3.1/../../../arm-none-eabi/lib/thumb/v6-m/libg_nano.a(lib_a-nano-svfprintf.o)
 *fill*         0x0000000008001bdf        0x1 
 .rodata.str1.4
                0x0000000008001be0       0x28 /usr/lib/gcc/arm-none-eabi/6.3.1/../../../arm-none-eabi/lib/thumb/v6-m/libg_nano.a(lib_a-nano-vfprintf_i.o)
                                         0x25 (size before relaxing)
 *(vtable)
 *(.eh_frame*)
 *(.glue_7)
 .glue_7        0x0000000008001c08        0x0 linker stubs
 *(.glue_7t)
 .glue_7t       0x0000000008001c08        0x0 linker stubs

.vfp11_veneer   0x0000000008001c08        0x0
 .vfp11_veneer  0x0000000008001c08        0x0 linker stubs

.v4_bx          0x0000000008001c08        0x0
 .v4_bx         0x0000000008001c08        0x0 linker stubs

.iplt           0x0000000008001c08        0x0
 .iplt          0x0000000008001c08        0x0 ./system/src/stm32f0-stdperiph/stm32f0xx_gpio.o

.rel.dyn        0x0000000008001c08        0x0
 .rel.iplt      0x0000000008001c08        0x0 ./system/src/stm32f0-stdperiph/stm32f0xx_gpio.o

.ARM.extab
 *(.ARM.extab* .gnu.linkonce.armextab.*)
                0x0000000008001c08                . = ALIGN (0x4)
                0x0000000008001c08                __exidx_start = .

.ARM.exidx
 *(.ARM.exidx* .gnu.linkonce.armexidx.*)
                0x0000000008001c08                __exidx_end = .
                0x0000000008001c08                . = ALIGN (0x4)
                0x0000000008001c08                _etext = .
                0x0000000008001c08                __etext = .

.data_CCMRAM    0x0000000000000000        0x0 load address 0x0000000008001c08
 FILL mask 0xff
 *(.data.CCMRAM .data.CCMRAM.*)
                0x0000000000000000                . = ALIGN (0x4)
                0x0000000008001c08                _sidata = LOADADDR (.data)

.data           0x0000000020000000       0x88 load address 0x0000000008001c08
 FILL mask 0xff
                0x0000000020000000                _sdata = .
                0x0000000020000000                __data_start__ = .
 *(.data_begin .data_begin.*)
 .data_begin    0x0000000020000000        0x4 ./system/src/newlib/_startup.o
 *(.data .data.*)
 .data.argv.4231
                0x0000000020000004        0x8 ./system/src/newlib/_syscalls.o
 .data.AHBPrescTable
                0x000000002000000c       0x10 ./system/src/cmsis/system_stm32f0xx.o
                0x000000002000000c                AHBPrescTable
 .data.SystemCoreClock
                0x000000002000001c        0x4 ./system/src/cmsis/system_stm32f0xx.o
                0x000000002000001c                SystemCoreClock
 .data          0x0000000020000020       0x64 /usr/lib/gcc/arm-none-eabi/6.3.1/../../../arm-none-eabi/lib/thumb/v6-m/libg_nano.a(lib_a-impure.o)
                0x0000000020000020                _impure_ptr
 *(.data_end .data_end.*)
 .data_end      0x0000000020000084        0x4 ./system/src/newlib/_startup.o
                0x0000000020000088                . = ALIGN (0x4)
                0x0000000020000088                _edata = .
                0x0000000020000088                __data_end__ = .

.igot.plt       0x0000000020000088        0x0 load address 0x0000000008001c90
 .igot.plt      0x0000000020000088        0x0 ./system/src/stm32f0-stdperiph/stm32f0xx_gpio.o

.bss_CCMRAM     0x0000000000000000        0x0
 *(.bss.CCMRAM .bss.CCMRAM.*)

.bss            0x0000000020000088       0xb8
                0x0000000020000088                __bss_start__ = .
                0x0000000020000088                _sbss = .
 *(.bss_begin .bss_begin.*)
 .bss_begin     0x0000000020000088        0x4 ./system/src/newlib/_startup.o
 *(.bss .bss.*)
 .bss.current_heap_end.3922
                0x000000002000008c        0x4 ./system/src/newlib/_sbrk.o
 .bss.name.4230
                0x0000000020000090        0x1 ./system/src/newlib/_syscalls.o
 *fill*         0x0000000020000091        0x3 
 .bss.buf.5114  0x0000000020000094       0x80 ./system/src/diag/Trace.o
 .bss           0x0000000020000114        0x8 /usr/lib/gcc/arm-none-eabi/6.3.1/../../../arm-none-eabi/lib/thumb/v6-m/libg_nano.a(lib_a-nano-mallocr.o)
                0x0000000020000114                __malloc_free_list
                0x0000000020000118                __malloc_sbrk_start
 *(COMMON)
 COMMON         0x000000002000011c        0x4 ./system/src/newlib/_syscalls.o
                0x000000002000011c                errno
 COMMON         0x0000000020000120       0x1c ./src/main.o
                0x0000000020000120                frozenBuffer
                0x0000000020000124                buffer
                0x000000002000012c                button_selection
                0x0000000020000130                miliseconds
                0x0000000020000134                seconds
                0x0000000020000138                minutes
 *(.bss_end .bss_end.*)
 .bss_end       0x000000002000013c        0x4 ./system/src/newlib/_startup.o
                0x0000000020000140                . = ALIGN (0x4)
                0x0000000020000140                __bss_end__ = .
                0x0000000020000140                _ebss = .

.noinit_CCMRAM
 *(.noinit.CCMRAM .noinit.CCMRAM.*)

.noinit         0x0000000020000140        0x0
                0x0000000020000140                _noinit = .
 *(.noinit .noinit.*)
                0x0000000020000140                . = ALIGN (0x4)
                0x0000000020000140                _end_noinit = .
                [!provide]                        PROVIDE (end, _end_noinit)
                [!provide]                        PROVIDE (_end, _end_noinit)
                [!provide]                        PROVIDE (__end, _end_noinit)
                [!provide]                        PROVIDE (__end__, _end_noinit)

._check_stack   0x0000000020000140      0x100
                0x0000000020000240                . = (. + _Minimum_Stack_Size)
 *fill*         0x0000000020000140      0x100 

.b1text
 *(.b1text)
 *(.b1rodata)
 *(.b1rodata.*)

.eb0text
 *(.eb0text)
 *(.eb0rodata)
 *(.eb0rodata.*)

.eb1text
 *(.eb1text)
 *(.eb1rodata)
 *(.eb1rodata.*)

.eb2text
 *(.eb2text)
 *(.eb2rodata)
 *(.eb2rodata.*)

.eb3text
 *(.eb3text)
 *(.eb3rodata)
 *(.eb3rodata.*)

.stab
 *(.stab)

.stabstr
 *(.stabstr)

.stab.excl
 *(.stab.excl)

.stab.exclstr
 *(.stab.exclstr)

.stab.index
 *(.stab.index)

.stab.indexstr
 *(.stab.indexstr)

.comment        0x0000000000000000       0x31
 *(.comment)
 .comment       0x0000000000000000       0x31 ./system/src/newlib/_exit.o
                                         0x32 (size before relaxing)
 .comment       0x0000000000000031       0x32 ./system/src/newlib/_sbrk.o
 .comment       0x0000000000000031       0x32 ./system/src/newlib/_startup.o
 .comment       0x0000000000000031       0x32 ./system/src/newlib/_syscalls.o
 .comment       0x0000000000000031       0x32 ./system/src/diag/Trace.o
 .comment       0x0000000000000031       0x32 ./system/src/diag/trace_impl.o
 .comment       0x0000000000000031       0x32 ./system/src/cortexm/_initialize_hardware.o
 .comment       0x0000000000000031       0x32 ./system/src/cortexm/exception_handlers.o
 .comment       0x0000000000000031       0x32 ./system/src/cmsis/system_stm32f0xx.o
 .comment       0x0000000000000031       0x32 ./system/src/cmsis/vectors_stm32f0xx.o
 .comment       0x0000000000000031       0x32 ./src/lcd_stm32f0.o
 .comment       0x0000000000000031       0x32 ./src/main.o
 .comment       0x0000000000000031       0x32 /usr/lib/gcc/arm-none-eabi/6.3.1/../../../arm-none-eabi/lib/thumb/v6-m/libg_nano.a(lib_a-errno.o)
 .comment       0x0000000000000031       0x32 /usr/lib/gcc/arm-none-eabi/6.3.1/../../../arm-none-eabi/lib/thumb/v6-m/libg_nano.a(lib_a-impure.o)
 .comment       0x0000000000000031       0x32 /usr/lib/gcc/arm-none-eabi/6.3.1/../../../arm-none-eabi/lib/thumb/v6-m/libg_nano.a(lib_a-vsnprintf.o)
 .comment       0x0000000000000031       0x32 /usr/lib/gcc/arm-none-eabi/6.3.1/../../../arm-none-eabi/lib/thumb/v6-m/libg_nano.a(lib_a-nano-svfprintf.o)
 .comment       0x0000000000000031       0x32 /usr/lib/gcc/arm-none-eabi/6.3.1/../../../arm-none-eabi/lib/thumb/v6-m/libg_nano.a(lib_a-nano-vfprintf_i.o)
 .comment       0x0000000000000031       0x32 /usr/lib/gcc/arm-none-eabi/6.3.1/../../../arm-none-eabi/lib/thumb/v6-m/libg_nano.a(lib_a-memchr-stub.o)
 .comment       0x0000000000000031       0x32 /usr/lib/gcc/arm-none-eabi/6.3.1/../../../arm-none-eabi/lib/thumb/v6-m/libg_nano.a(lib_a-memcpy-stub.o)
 .comment       0x0000000000000031       0x32 /usr/lib/gcc/arm-none-eabi/6.3.1/../../../arm-none-eabi/lib/thumb/v6-m/libg_nano.a(lib_a-memmove.o)
 .comment       0x0000000000000031       0x32 /usr/lib/gcc/arm-none-eabi/6.3.1/../../../arm-none-eabi/lib/thumb/v6-m/libg_nano.a(lib_a-nano-freer.o)
 .comment       0x0000000000000031       0x32 /usr/lib/gcc/arm-none-eabi/6.3.1/../../../arm-none-eabi/lib/thumb/v6-m/libg_nano.a(lib_a-nano-mallocr.o)
 .comment       0x0000000000000031       0x32 /usr/lib/gcc/arm-none-eabi/6.3.1/../../../arm-none-eabi/lib/thumb/v6-m/libg_nano.a(lib_a-nano-reallocr.o)
 .comment       0x0000000000000031       0x32 /usr/lib/gcc/arm-none-eabi/6.3.1/../../../arm-none-eabi/lib/thumb/v6-m/libg_nano.a(lib_a-sbrkr.o)
 .comment       0x0000000000000031       0x32 /usr/lib/gcc/arm-none-eabi/6.3.1/../../../arm-none-eabi/lib/thumb/v6-m/libg_nano.a(lib_a-nano-msizer.o)

.ARM.attributes
                0x0000000000000000       0x31
 .ARM.attributes
                0x0000000000000000       0x31 ./system/src/newlib/_exit.o
 .ARM.attributes
                0x0000000000000031       0x31 ./system/src/newlib/_sbrk.o
 .ARM.attributes
                0x0000000000000062       0x31 ./system/src/newlib/_startup.o
 .ARM.attributes
                0x0000000000000093       0x31 ./system/src/newlib/_syscalls.o
 .ARM.attributes
                0x00000000000000c4       0x31 ./system/src/diag/Trace.o
 .ARM.attributes
                0x00000000000000f5       0x31 ./system/src/diag/trace_impl.o
 .ARM.attributes
                0x0000000000000126       0x31 ./system/src/cortexm/_initialize_hardware.o
 .ARM.attributes
                0x0000000000000157       0x31 ./system/src/cortexm/exception_handlers.o
 .ARM.attributes
                0x0000000000000188       0x31 ./system/src/cmsis/system_stm32f0xx.o
 .ARM.attributes
                0x00000000000001b9       0x31 ./system/src/cmsis/vectors_stm32f0xx.o
 .ARM.attributes
                0x00000000000001ea       0x31 ./src/lcd_stm32f0.o
 .ARM.attributes
                0x000000000000021b       0x31 ./src/main.o
 .ARM.attributes
                0x000000000000024c       0x1e /usr/lib/gcc/arm-none-eabi/6.3.1/thumb/v6-m/libgcc.a(_udivsi3.o)
 .ARM.attributes
                0x000000000000026a       0x1e /usr/lib/gcc/arm-none-eabi/6.3.1/thumb/v6-m/libgcc.a(_divsi3.o)
 .ARM.attributes
                0x0000000000000288       0x1e /usr/lib/gcc/arm-none-eabi/6.3.1/thumb/v6-m/libgcc.a(_dvmd_tls.o)
 .ARM.attributes
                0x00000000000002a6       0x2c /usr/lib/gcc/arm-none-eabi/6.3.1/../../../arm-none-eabi/lib/thumb/v6-m/libg_nano.a(lib_a-errno.o)
 .ARM.attributes
                0x00000000000002d2       0x2c /usr/lib/gcc/arm-none-eabi/6.3.1/../../../arm-none-eabi/lib/thumb/v6-m/libg_nano.a(lib_a-impure.o)
 .ARM.attributes
                0x00000000000002fe       0x2c /usr/lib/gcc/arm-none-eabi/6.3.1/../../../arm-none-eabi/lib/thumb/v6-m/libg_nano.a(lib_a-vsnprintf.o)
 .ARM.attributes
                0x000000000000032a       0x2c /usr/lib/gcc/arm-none-eabi/6.3.1/../../../arm-none-eabi/lib/thumb/v6-m/libg_nano.a(lib_a-nano-svfprintf.o)
 .ARM.attributes
                0x0000000000000356       0x2c /usr/lib/gcc/arm-none-eabi/6.3.1/../../../arm-none-eabi/lib/thumb/v6-m/libg_nano.a(lib_a-nano-vfprintf_i.o)
 .ARM.attributes
                0x0000000000000382       0x2c /usr/lib/gcc/arm-none-eabi/6.3.1/../../../arm-none-eabi/lib/thumb/v6-m/libg_nano.a(lib_a-memchr-stub.o)
 .ARM.attributes
                0x00000000000003ae       0x2c /usr/lib/gcc/arm-none-eabi/6.3.1/../../../arm-none-eabi/lib/thumb/v6-m/libg_nano.a(lib_a-memcpy-stub.o)
 .ARM.attributes
                0x00000000000003da       0x2c /usr/lib/gcc/arm-none-eabi/6.3.1/../../../arm-none-eabi/lib/thumb/v6-m/libg_nano.a(lib_a-memmove.o)
 .ARM.attributes
                0x0000000000000406       0x2c /usr/lib/gcc/arm-none-eabi/6.3.1/../../../arm-none-eabi/lib/thumb/v6-m/libg_nano.a(lib_a-nano-freer.o)
 .ARM.attributes
                0x0000000000000432       0x2c /usr/lib/gcc/arm-none-eabi/6.3.1/../../../arm-none-eabi/lib/thumb/v6-m/libg_nano.a(lib_a-nano-mallocr.o)
 .ARM.attributes
                0x000000000000045e       0x2c /usr/lib/gcc/arm-none-eabi/6.3.1/../../../arm-none-eabi/lib/thumb/v6-m/libg_nano.a(lib_a-nano-reallocr.o)
 .ARM.attributes
                0x000000000000048a       0x2c /usr/lib/gcc/arm-none-eabi/6.3.1/../../../arm-none-eabi/lib/thumb/v6-m/libg_nano.a(lib_a-sbrkr.o)
 .ARM.attributes
                0x00000000000004b6       0x2c /usr/lib/gcc/arm-none-eabi/6.3.1/../../../arm-none-eabi/lib/thumb/v6-m/libg_nano.a(lib_a-nano-msizer.o)

.debug
 *(.debug)

.line
 *(.line)

.debug_srcinfo
 *(.debug_srcinfo)

.debug_sfnames
 *(.debug_sfnames)

.debug_aranges  0x0000000000000000      0x480
 *(.debug_aranges)
 .debug_aranges
                0x0000000000000000       0x28 ./system/src/newlib/_exit.o
 .debug_aranges
                0x0000000000000028       0x20 ./system/src/newlib/_sbrk.o
 .debug_aranges
                0x0000000000000048       0x40 ./system/src/newlib/_startup.o
 .debug_aranges
                0x0000000000000088       0x30 ./system/src/newlib/_syscalls.o
 .debug_aranges
                0x00000000000000b8       0x38 ./system/src/diag/Trace.o
 .debug_aranges
                0x00000000000000f0       0x30 ./system/src/diag/trace_impl.o
 .debug_aranges
                0x0000000000000120       0x28 ./system/src/cortexm/_initialize_hardware.o
 .debug_aranges
                0x0000000000000148       0x58 ./system/src/cortexm/exception_handlers.o
 .debug_aranges
                0x00000000000001a0       0x30 ./system/src/cmsis/system_stm32f0xx.o
 .debug_aranges
                0x00000000000001d0       0x20 ./system/src/cmsis/vectors_stm32f0xx.o
 .debug_aranges
                0x00000000000001f0       0x48 ./src/lcd_stm32f0.o
 .debug_aranges
                0x0000000000000238       0x50 ./src/main.o
 .debug_aranges
                0x0000000000000288       0x20 /usr/lib/gcc/arm-none-eabi/6.3.1/thumb/v6-m/libgcc.a(_udivsi3.o)
 .debug_aranges
                0x00000000000002a8       0x20 /usr/lib/gcc/arm-none-eabi/6.3.1/thumb/v6-m/libgcc.a(_divsi3.o)
 .debug_aranges
                0x00000000000002c8       0x20 /usr/lib/gcc/arm-none-eabi/6.3.1/thumb/v6-m/libgcc.a(_dvmd_tls.o)
 .debug_aranges
                0x00000000000002e8       0x20 /usr/lib/gcc/arm-none-eabi/6.3.1/../../../arm-none-eabi/lib/thumb/v6-m/libg_nano.a(lib_a-errno.o)
 .debug_aranges
                0x0000000000000308       0x18 /usr/lib/gcc/arm-none-eabi/6.3.1/../../../arm-none-eabi/lib/thumb/v6-m/libg_nano.a(lib_a-impure.o)
 .debug_aranges
                0x0000000000000320       0x20 /usr/lib/gcc/arm-none-eabi/6.3.1/../../../arm-none-eabi/lib/thumb/v6-m/libg_nano.a(lib_a-vsnprintf.o)
 .debug_aranges
                0x0000000000000340       0x20 /usr/lib/gcc/arm-none-eabi/6.3.1/../../../arm-none-eabi/lib/thumb/v6-m/libg_nano.a(lib_a-nano-svfprintf.o)
 .debug_aranges
                0x0000000000000360       0x20 /usr/lib/gcc/arm-none-eabi/6.3.1/../../../arm-none-eabi/lib/thumb/v6-m/libg_nano.a(lib_a-nano-vfprintf_i.o)
 .debug_aranges
                0x0000000000000380       0x20 /usr/lib/gcc/arm-none-eabi/6.3.1/../../../arm-none-eabi/lib/thumb/v6-m/libg_nano.a(lib_a-memchr-stub.o)
 .debug_aranges
                0x00000000000003a0       0x20 /usr/lib/gcc/arm-none-eabi/6.3.1/../../../arm-none-eabi/lib/thumb/v6-m/libg_nano.a(lib_a-memcpy-stub.o)
 .debug_aranges
                0x00000000000003c0       0x20 /usr/lib/gcc/arm-none-eabi/6.3.1/../../../arm-none-eabi/lib/thumb/v6-m/libg_nano.a(lib_a-memmove.o)
 .debug_aranges
                0x00000000000003e0       0x20 /usr/lib/gcc/arm-none-eabi/6.3.1/../../../arm-none-eabi/lib/thumb/v6-m/libg_nano.a(lib_a-nano-freer.o)
 .debug_aranges
                0x0000000000000400       0x20 /usr/lib/gcc/arm-none-eabi/6.3.1/../../../arm-none-eabi/lib/thumb/v6-m/libg_nano.a(lib_a-nano-mallocr.o)
 .debug_aranges
                0x0000000000000420       0x20 /usr/lib/gcc/arm-none-eabi/6.3.1/../../../arm-none-eabi/lib/thumb/v6-m/libg_nano.a(lib_a-nano-reallocr.o)
 .debug_aranges
                0x0000000000000440       0x20 /usr/lib/gcc/arm-none-eabi/6.3.1/../../../arm-none-eabi/lib/thumb/v6-m/libg_nano.a(lib_a-sbrkr.o)
 .debug_aranges
                0x0000000000000460       0x20 /usr/lib/gcc/arm-none-eabi/6.3.1/../../../arm-none-eabi/lib/thumb/v6-m/libg_nano.a(lib_a-nano-msizer.o)

.debug_pubnames
 *(.debug_pubnames)

.debug_info     0x0000000000000000     0xddd1
 *(.debug_info .gnu.linkonce.wi.*)
 .debug_info    0x0000000000000000      0x947 ./system/src/newlib/_exit.o
 .debug_info    0x0000000000000947      0x933 ./system/src/newlib/_sbrk.o
 .debug_info    0x000000000000127a      0x435 ./system/src/newlib/_startup.o
 .debug_info    0x00000000000016af      0xa0a ./system/src/newlib/_syscalls.o
 .debug_info    0x00000000000020b9      0xb1a ./system/src/diag/Trace.o
 .debug_info    0x0000000000002bd3      0x351 ./system/src/diag/trace_impl.o
 .debug_info    0x0000000000002f24       0xec ./system/src/cortexm/_initialize_hardware.o
 .debug_info    0x0000000000003010      0xb7f ./system/src/cortexm/exception_handlers.o
 .debug_info    0x0000000000003b8f      0x2f9 ./system/src/cmsis/system_stm32f0xx.o
 .debug_info    0x0000000000003e88       0xd1 ./system/src/cmsis/vectors_stm32f0xx.o
 .debug_info    0x0000000000003f59      0x426 ./src/lcd_stm32f0.o
 .debug_info    0x000000000000437f      0xa1d ./src/main.o
 .debug_info    0x0000000000004d9c       0xbf /usr/lib/gcc/arm-none-eabi/6.3.1/thumb/v6-m/libgcc.a(_udivsi3.o)
 .debug_info    0x0000000000004e5b       0xbf /usr/lib/gcc/arm-none-eabi/6.3.1/thumb/v6-m/libgcc.a(_divsi3.o)
 .debug_info    0x0000000000004f1a       0xbf /usr/lib/gcc/arm-none-eabi/6.3.1/thumb/v6-m/libgcc.a(_dvmd_tls.o)
 .debug_info    0x0000000000004fd9      0x8c7 /usr/lib/gcc/arm-none-eabi/6.3.1/../../../arm-none-eabi/lib/thumb/v6-m/libg_nano.a(lib_a-errno.o)
 .debug_info    0x00000000000058a0      0x8a0 /usr/lib/gcc/arm-none-eabi/6.3.1/../../../arm-none-eabi/lib/thumb/v6-m/libg_nano.a(lib_a-impure.o)
 .debug_info    0x0000000000006140      0xc22 /usr/lib/gcc/arm-none-eabi/6.3.1/../../../arm-none-eabi/lib/thumb/v6-m/libg_nano.a(lib_a-vsnprintf.o)
 .debug_info    0x0000000000006d62     0x11c3 /usr/lib/gcc/arm-none-eabi/6.3.1/../../../arm-none-eabi/lib/thumb/v6-m/libg_nano.a(lib_a-nano-svfprintf.o)
 .debug_info    0x0000000000007f25      0xfb3 /usr/lib/gcc/arm-none-eabi/6.3.1/../../../arm-none-eabi/lib/thumb/v6-m/libg_nano.a(lib_a-nano-vfprintf_i.o)
 .debug_info    0x0000000000008ed8      0x930 /usr/lib/gcc/arm-none-eabi/6.3.1/../../../arm-none-eabi/lib/thumb/v6-m/libg_nano.a(lib_a-memchr-stub.o)
 .debug_info    0x0000000000009808      0x92f /usr/lib/gcc/arm-none-eabi/6.3.1/../../../arm-none-eabi/lib/thumb/v6-m/libg_nano.a(lib_a-memcpy-stub.o)
 .debug_info    0x000000000000a137      0x925 /usr/lib/gcc/arm-none-eabi/6.3.1/../../../arm-none-eabi/lib/thumb/v6-m/libg_nano.a(lib_a-memmove.o)
 .debug_info    0x000000000000aa5c      0xa4d /usr/lib/gcc/arm-none-eabi/6.3.1/../../../arm-none-eabi/lib/thumb/v6-m/libg_nano.a(lib_a-nano-freer.o)
 .debug_info    0x000000000000b4a9      0xb1e /usr/lib/gcc/arm-none-eabi/6.3.1/../../../arm-none-eabi/lib/thumb/v6-m/libg_nano.a(lib_a-nano-mallocr.o)
 .debug_info    0x000000000000bfc7      0xabe /usr/lib/gcc/arm-none-eabi/6.3.1/../../../arm-none-eabi/lib/thumb/v6-m/libg_nano.a(lib_a-nano-reallocr.o)
 .debug_info    0x000000000000ca85      0x955 /usr/lib/gcc/arm-none-eabi/6.3.1/../../../arm-none-eabi/lib/thumb/v6-m/libg_nano.a(lib_a-sbrkr.o)
 .debug_info    0x000000000000d3da      0x9f7 /usr/lib/gcc/arm-none-eabi/6.3.1/../../../arm-none-eabi/lib/thumb/v6-m/libg_nano.a(lib_a-nano-msizer.o)

.debug_abbrev   0x0000000000000000     0x2de0
 *(.debug_abbrev)
 .debug_abbrev  0x0000000000000000      0x1ea ./system/src/newlib/_exit.o
 .debug_abbrev  0x00000000000001ea      0x1f3 ./system/src/newlib/_sbrk.o
 .debug_abbrev  0x00000000000003dd      0x1b3 ./system/src/newlib/_startup.o
 .debug_abbrev  0x0000000000000590      0x22b ./system/src/newlib/_syscalls.o
 .debug_abbrev  0x00000000000007bb      0x25c ./system/src/diag/Trace.o
 .debug_abbrev  0x0000000000000a17      0x1ca ./system/src/diag/trace_impl.o
 .debug_abbrev  0x0000000000000be1       0x81 ./system/src/cortexm/_initialize_hardware.o
 .debug_abbrev  0x0000000000000c62      0x286 ./system/src/cortexm/exception_handlers.o
 .debug_abbrev  0x0000000000000ee8      0x164 ./system/src/cmsis/system_stm32f0xx.o
 .debug_abbrev  0x000000000000104c       0x9d ./system/src/cmsis/vectors_stm32f0xx.o
 .debug_abbrev  0x00000000000010e9      0x15c ./src/lcd_stm32f0.o
 .debug_abbrev  0x0000000000001245      0x21f ./src/main.o
 .debug_abbrev  0x0000000000001464       0x14 /usr/lib/gcc/arm-none-eabi/6.3.1/thumb/v6-m/libgcc.a(_udivsi3.o)
 .debug_abbrev  0x0000000000001478       0x14 /usr/lib/gcc/arm-none-eabi/6.3.1/thumb/v6-m/libgcc.a(_divsi3.o)
 .debug_abbrev  0x000000000000148c       0x14 /usr/lib/gcc/arm-none-eabi/6.3.1/thumb/v6-m/libgcc.a(_dvmd_tls.o)
 .debug_abbrev  0x00000000000014a0      0x16f /usr/lib/gcc/arm-none-eabi/6.3.1/../../../arm-none-eabi/lib/thumb/v6-m/libg_nano.a(lib_a-errno.o)
 .debug_abbrev  0x000000000000160f      0x153 /usr/lib/gcc/arm-none-eabi/6.3.1/../../../arm-none-eabi/lib/thumb/v6-m/libg_nano.a(lib_a-impure.o)
 .debug_abbrev  0x0000000000001762      0x242 /usr/lib/gcc/arm-none-eabi/6.3.1/../../../arm-none-eabi/lib/thumb/v6-m/libg_nano.a(lib_a-vsnprintf.o)
 .debug_abbrev  0x00000000000019a4      0x2d7 /usr/lib/gcc/arm-none-eabi/6.3.1/../../../arm-none-eabi/lib/thumb/v6-m/libg_nano.a(lib_a-nano-svfprintf.o)
 .debug_abbrev  0x0000000000001c7b      0x2a7 /usr/lib/gcc/arm-none-eabi/6.3.1/../../../arm-none-eabi/lib/thumb/v6-m/libg_nano.a(lib_a-nano-vfprintf_i.o)
 .debug_abbrev  0x0000000000001f22      0x19c /usr/lib/gcc/arm-none-eabi/6.3.1/../../../arm-none-eabi/lib/thumb/v6-m/libg_nano.a(lib_a-memchr-stub.o)
 .debug_abbrev  0x00000000000020be      0x1a3 /usr/lib/gcc/arm-none-eabi/6.3.1/../../../arm-none-eabi/lib/thumb/v6-m/libg_nano.a(lib_a-memcpy-stub.o)
 .debug_abbrev  0x0000000000002261      0x19c /usr/lib/gcc/arm-none-eabi/6.3.1/../../../arm-none-eabi/lib/thumb/v6-m/libg_nano.a(lib_a-memmove.o)
 .debug_abbrev  0x00000000000023fd      0x1ed /usr/lib/gcc/arm-none-eabi/6.3.1/../../../arm-none-eabi/lib/thumb/v6-m/libg_nano.a(lib_a-nano-freer.o)
 .debug_abbrev  0x00000000000025ea      0x28a /usr/lib/gcc/arm-none-eabi/6.3.1/../../../arm-none-eabi/lib/thumb/v6-m/libg_nano.a(lib_a-nano-mallocr.o)
 .debug_abbrev  0x0000000000002874      0x1eb /usr/lib/gcc/arm-none-eabi/6.3.1/../../../arm-none-eabi/lib/thumb/v6-m/libg_nano.a(lib_a-nano-reallocr.o)
 .debug_abbrev  0x0000000000002a5f      0x1d6 /usr/lib/gcc/arm-none-eabi/6.3.1/../../../arm-none-eabi/lib/thumb/v6-m/libg_nano.a(lib_a-sbrkr.o)
 .debug_abbrev  0x0000000000002c35      0x1ab /usr/lib/gcc/arm-none-eabi/6.3.1/../../../arm-none-eabi/lib/thumb/v6-m/libg_nano.a(lib_a-nano-msizer.o)

.debug_line     0x0000000000000000     0x3ed3
 *(.debug_line)
 .debug_line    0x0000000000000000      0x258 ./system/src/newlib/_exit.o
 .debug_line    0x0000000000000258      0x20c ./system/src/newlib/_sbrk.o
 .debug_line    0x0000000000000464      0x2c6 ./system/src/newlib/_startup.o
 .debug_line    0x000000000000072a      0x2c9 ./system/src/newlib/_syscalls.o
 .debug_line    0x00000000000009f3      0x2ba ./system/src/diag/Trace.o
 .debug_line    0x0000000000000cad      0x54a ./system/src/diag/trace_impl.o
 .debug_line    0x00000000000011f7      0x34e ./system/src/cortexm/_initialize_hardware.o
 .debug_line    0x0000000000001545      0x58c ./system/src/cortexm/exception_handlers.o
 .debug_line    0x0000000000001ad1      0x398 ./system/src/cmsis/system_stm32f0xx.o
 .debug_line    0x0000000000001e69       0xcf ./system/src/cmsis/vectors_stm32f0xx.o
 .debug_line    0x0000000000001f38      0x3fa ./src/lcd_stm32f0.o
 .debug_line    0x0000000000002332      0x403 ./src/main.o
 .debug_line    0x0000000000002735       0x6d /usr/lib/gcc/arm-none-eabi/6.3.1/thumb/v6-m/libgcc.a(_udivsi3.o)
 .debug_line    0x00000000000027a2       0x74 /usr/lib/gcc/arm-none-eabi/6.3.1/thumb/v6-m/libgcc.a(_divsi3.o)
 .debug_line    0x0000000000002816       0x61 /usr/lib/gcc/arm-none-eabi/6.3.1/thumb/v6-m/libgcc.a(_dvmd_tls.o)
 .debug_line    0x0000000000002877      0x106 /usr/lib/gcc/arm-none-eabi/6.3.1/../../../arm-none-eabi/lib/thumb/v6-m/libg_nano.a(lib_a-errno.o)
 .debug_line    0x000000000000297d       0xe9 /usr/lib/gcc/arm-none-eabi/6.3.1/../../../arm-none-eabi/lib/thumb/v6-m/libg_nano.a(lib_a-impure.o)
 .debug_line    0x0000000000002a66      0x1ca /usr/lib/gcc/arm-none-eabi/6.3.1/../../../arm-none-eabi/lib/thumb/v6-m/libg_nano.a(lib_a-vsnprintf.o)
 .debug_line    0x0000000000002c30      0x3b0 /usr/lib/gcc/arm-none-eabi/6.3.1/../../../arm-none-eabi/lib/thumb/v6-m/libg_nano.a(lib_a-nano-svfprintf.o)
 .debug_line    0x0000000000002fe0      0x398 /usr/lib/gcc/arm-none-eabi/6.3.1/../../../arm-none-eabi/lib/thumb/v6-m/libg_nano.a(lib_a-nano-vfprintf_i.o)
 .debug_line    0x0000000000003378      0x183 /usr/lib/gcc/arm-none-eabi/6.3.1/../../../arm-none-eabi/lib/thumb/v6-m/libg_nano.a(lib_a-memchr-stub.o)
 .debug_line    0x00000000000034fb      0x181 /usr/lib/gcc/arm-none-eabi/6.3.1/../../../arm-none-eabi/lib/thumb/v6-m/libg_nano.a(lib_a-memcpy-stub.o)
 .debug_line    0x000000000000367c      0x178 /usr/lib/gcc/arm-none-eabi/6.3.1/../../../arm-none-eabi/lib/thumb/v6-m/libg_nano.a(lib_a-memmove.o)
 .debug_line    0x00000000000037f4      0x15b /usr/lib/gcc/arm-none-eabi/6.3.1/../../../arm-none-eabi/lib/thumb/v6-m/libg_nano.a(lib_a-nano-freer.o)
 .debug_line    0x000000000000394f      0x1ab /usr/lib/gcc/arm-none-eabi/6.3.1/../../../arm-none-eabi/lib/thumb/v6-m/libg_nano.a(lib_a-nano-mallocr.o)
 .debug_line    0x0000000000003afa      0x16c /usr/lib/gcc/arm-none-eabi/6.3.1/../../../arm-none-eabi/lib/thumb/v6-m/libg_nano.a(lib_a-nano-reallocr.o)
 .debug_line    0x0000000000003c66      0x15b /usr/lib/gcc/arm-none-eabi/6.3.1/../../../arm-none-eabi/lib/thumb/v6-m/libg_nano.a(lib_a-sbrkr.o)
 .debug_line    0x0000000000003dc1      0x112 /usr/lib/gcc/arm-none-eabi/6.3.1/../../../arm-none-eabi/lib/thumb/v6-m/libg_nano.a(lib_a-nano-msizer.o)

.debug_frame    0x0000000000000000      0x7ac
 *(.debug_frame)
 .debug_frame   0x0000000000000000       0x38 ./system/src/newlib/_exit.o
 .debug_frame   0x0000000000000038       0x28 ./system/src/newlib/_sbrk.o
 .debug_frame   0x0000000000000060       0x80 ./system/src/newlib/_startup.o
 .debug_frame   0x00000000000000e0       0x50 ./system/src/newlib/_syscalls.o
 .debug_frame   0x0000000000000130       0x78 ./system/src/diag/Trace.o
 .debug_frame   0x00000000000001a8       0x60 ./system/src/diag/trace_impl.o
 .debug_frame   0x0000000000000208       0x40 ./system/src/cortexm/_initialize_hardware.o
 .debug_frame   0x0000000000000248       0xb0 ./system/src/cortexm/exception_handlers.o
 .debug_frame   0x00000000000002f8       0x54 ./system/src/cmsis/system_stm32f0xx.o
 .debug_frame   0x000000000000034c       0x20 ./system/src/cmsis/vectors_stm32f0xx.o
 .debug_frame   0x000000000000036c       0xa4 ./src/lcd_stm32f0.o
 .debug_frame   0x0000000000000410       0xa0 ./src/main.o
 .debug_frame   0x00000000000004b0       0x20 /usr/lib/gcc/arm-none-eabi/6.3.1/thumb/v6-m/libgcc.a(_udivsi3.o)
 .debug_frame   0x00000000000004d0       0x20 /usr/lib/gcc/arm-none-eabi/6.3.1/thumb/v6-m/libgcc.a(_divsi3.o)
 .debug_frame   0x00000000000004f0       0x20 /usr/lib/gcc/arm-none-eabi/6.3.1/../../../arm-none-eabi/lib/thumb/v6-m/libg_nano.a(lib_a-errno.o)
 .debug_frame   0x0000000000000510       0x48 /usr/lib/gcc/arm-none-eabi/6.3.1/../../../arm-none-eabi/lib/thumb/v6-m/libg_nano.a(lib_a-vsnprintf.o)
 .debug_frame   0x0000000000000558       0x90 /usr/lib/gcc/arm-none-eabi/6.3.1/../../../arm-none-eabi/lib/thumb/v6-m/libg_nano.a(lib_a-nano-svfprintf.o)
 .debug_frame   0x00000000000005e8       0x64 /usr/lib/gcc/arm-none-eabi/6.3.1/../../../arm-none-eabi/lib/thumb/v6-m/libg_nano.a(lib_a-nano-vfprintf_i.o)
 .debug_frame   0x000000000000064c       0x2c /usr/lib/gcc/arm-none-eabi/6.3.1/../../../arm-none-eabi/lib/thumb/v6-m/libg_nano.a(lib_a-memchr-stub.o)
 .debug_frame   0x0000000000000678       0x30 /usr/lib/gcc/arm-none-eabi/6.3.1/../../../arm-none-eabi/lib/thumb/v6-m/libg_nano.a(lib_a-memcpy-stub.o)
 .debug_frame   0x00000000000006a8       0x30 /usr/lib/gcc/arm-none-eabi/6.3.1/../../../arm-none-eabi/lib/thumb/v6-m/libg_nano.a(lib_a-memmove.o)
 .debug_frame   0x00000000000006d8       0x2c /usr/lib/gcc/arm-none-eabi/6.3.1/../../../arm-none-eabi/lib/thumb/v6-m/libg_nano.a(lib_a-nano-freer.o)
 .debug_frame   0x0000000000000704       0x2c /usr/lib/gcc/arm-none-eabi/6.3.1/../../../arm-none-eabi/lib/thumb/v6-m/libg_nano.a(lib_a-nano-mallocr.o)
 .debug_frame   0x0000000000000730       0x30 /usr/lib/gcc/arm-none-eabi/6.3.1/../../../arm-none-eabi/lib/thumb/v6-m/libg_nano.a(lib_a-nano-reallocr.o)
 .debug_frame   0x0000000000000760       0x2c /usr/lib/gcc/arm-none-eabi/6.3.1/../../../arm-none-eabi/lib/thumb/v6-m/libg_nano.a(lib_a-sbrkr.o)
 .debug_frame   0x000000000000078c       0x20 /usr/lib/gcc/arm-none-eabi/6.3.1/../../../arm-none-eabi/lib/thumb/v6-m/libg_nano.a(lib_a-nano-msizer.o)

.debug_str      0x0000000000000000    0x51a05
 *(.debug_str)
 .debug_str     0x0000000000000000     0x7086 ./system/src/newlib/_exit.o
                                       0x7285 (size before relaxing)
 .debug_str     0x0000000000007086      0x4f5 ./system/src/newlib/_sbrk.o
                                       0x6650 (size before relaxing)
 .debug_str     0x000000000000757b      0xbbd ./system/src/newlib/_startup.o
                                       0x5dfd (size before relaxing)
 .debug_str     0x0000000000008138      0xd7d ./system/src/newlib/_syscalls.o
                                       0x742a (size before relaxing)
 .debug_str     0x0000000000008eb5      0x890 ./system/src/diag/Trace.o
                                       0x7a5b (size before relaxing)
 .debug_str     0x0000000000009745    0x46ee1 ./system/src/diag/trace_impl.o
                                      0x4da75 (size before relaxing)
 .debug_str     0x0000000000050626       0x5e ./system/src/cortexm/_initialize_hardware.o
                                      0x49b93 (size before relaxing)
 .debug_str     0x0000000000050684      0x109 ./system/src/cortexm/exception_handlers.o
                                      0x4e8a1 (size before relaxing)
 .debug_str     0x000000000005078d      0x108 ./system/src/cmsis/system_stm32f0xx.o
                                      0x49c18 (size before relaxing)
 .debug_str     0x0000000000050895       0x56 ./system/src/cmsis/vectors_stm32f0xx.o
                                       0x3017 (size before relaxing)
 .debug_str     0x00000000000508eb      0x3ab ./src/lcd_stm32f0.o
                                      0x49f04 (size before relaxing)
 .debug_str     0x0000000000050c96      0x350 ./src/main.o
                                      0x4a27d (size before relaxing)
 .debug_str     0x0000000000050fe6      0x164 /usr/lib/gcc/arm-none-eabi/6.3.1/../../../arm-none-eabi/lib/thumb/v6-m/libg_nano.a(lib_a-errno.o)
                                        0x5ba (size before relaxing)
 .debug_str     0x000000000005114a       0x9d /usr/lib/gcc/arm-none-eabi/6.3.1/../../../arm-none-eabi/lib/thumb/v6-m/libg_nano.a(lib_a-impure.o)
                                        0x5a8 (size before relaxing)
 .debug_str     0x00000000000511e7      0x1a2 /usr/lib/gcc/arm-none-eabi/6.3.1/../../../arm-none-eabi/lib/thumb/v6-m/libg_nano.a(lib_a-vsnprintf.o)
                                        0x74c (size before relaxing)
 .debug_str     0x0000000000051389      0x236 /usr/lib/gcc/arm-none-eabi/6.3.1/../../../arm-none-eabi/lib/thumb/v6-m/libg_nano.a(lib_a-nano-svfprintf.o)
                                        0x917 (size before relaxing)
 .debug_str     0x00000000000515bf       0x91 /usr/lib/gcc/arm-none-eabi/6.3.1/../../../arm-none-eabi/lib/thumb/v6-m/libg_nano.a(lib_a-nano-vfprintf_i.o)
                                        0x8b6 (size before relaxing)
 .debug_str     0x0000000000051650       0xbf /usr/lib/gcc/arm-none-eabi/6.3.1/../../../arm-none-eabi/lib/thumb/v6-m/libg_nano.a(lib_a-memchr-stub.o)
                                        0x5d8 (size before relaxing)
 .debug_str     0x000000000005170f       0x65 /usr/lib/gcc/arm-none-eabi/6.3.1/../../../arm-none-eabi/lib/thumb/v6-m/libg_nano.a(lib_a-memcpy-stub.o)
                                        0x5e5 (size before relaxing)
 .debug_str     0x0000000000051774       0x9d /usr/lib/gcc/arm-none-eabi/6.3.1/../../../arm-none-eabi/lib/thumb/v6-m/libg_nano.a(lib_a-memmove.o)
                                        0x5df (size before relaxing)
 .debug_str     0x0000000000051811      0x161 /usr/lib/gcc/arm-none-eabi/6.3.1/../../../arm-none-eabi/lib/thumb/v6-m/libg_nano.a(lib_a-nano-freer.o)
                                        0x6ba (size before relaxing)
 .debug_str     0x0000000000051972       0x32 /usr/lib/gcc/arm-none-eabi/6.3.1/../../../arm-none-eabi/lib/thumb/v6-m/libg_nano.a(lib_a-nano-mallocr.o)
                                        0x6d1 (size before relaxing)
 .debug_str     0x00000000000519a4       0x23 /usr/lib/gcc/arm-none-eabi/6.3.1/../../../arm-none-eabi/lib/thumb/v6-m/libg_nano.a(lib_a-nano-reallocr.o)
                                        0x6d5 (size before relaxing)
 .debug_str     0x00000000000519c7       0x2f /usr/lib/gcc/arm-none-eabi/6.3.1/../../../arm-none-eabi/lib/thumb/v6-m/libg_nano.a(lib_a-sbrkr.o)
                                        0x5eb (size before relaxing)
 .debug_str     0x00000000000519f6        0xf /usr/lib/gcc/arm-none-eabi/6.3.1/../../../arm-none-eabi/lib/thumb/v6-m/libg_nano.a(lib_a-nano-msizer.o)
                                        0x6b3 (size before relaxing)

.debug_loc      0x0000000000000000     0x27d7
 *(.debug_loc)
 .debug_loc     0x0000000000000000       0x99 ./system/src/newlib/_sbrk.o
 .debug_loc     0x0000000000000099      0x19e ./system/src/newlib/_startup.o
 .debug_loc     0x0000000000000237       0x63 ./system/src/newlib/_syscalls.o
 .debug_loc     0x000000000000029a       0xf6 ./system/src/diag/Trace.o
 .debug_loc     0x0000000000000390      0x10a ./system/src/diag/trace_impl.o
 .debug_loc     0x000000000000049a       0x94 ./system/src/cortexm/exception_handlers.o
 .debug_loc     0x000000000000052e      0x123 ./system/src/cmsis/system_stm32f0xx.o
 .debug_loc     0x0000000000000651       0xe8 ./src/lcd_stm32f0.o
 .debug_loc     0x0000000000000739       0x8e ./src/main.o
 .debug_loc     0x00000000000007c7      0x238 /usr/lib/gcc/arm-none-eabi/6.3.1/../../../arm-none-eabi/lib/thumb/v6-m/libg_nano.a(lib_a-vsnprintf.o)
 .debug_loc     0x00000000000009ff      0x8a5 /usr/lib/gcc/arm-none-eabi/6.3.1/../../../arm-none-eabi/lib/thumb/v6-m/libg_nano.a(lib_a-nano-svfprintf.o)
 .debug_loc     0x00000000000012a4      0x6b4 /usr/lib/gcc/arm-none-eabi/6.3.1/../../../arm-none-eabi/lib/thumb/v6-m/libg_nano.a(lib_a-nano-vfprintf_i.o)
 .debug_loc     0x0000000000001958      0x172 /usr/lib/gcc/arm-none-eabi/6.3.1/../../../arm-none-eabi/lib/thumb/v6-m/libg_nano.a(lib_a-memchr-stub.o)
 .debug_loc     0x0000000000001aca      0x2c0 /usr/lib/gcc/arm-none-eabi/6.3.1/../../../arm-none-eabi/lib/thumb/v6-m/libg_nano.a(lib_a-memcpy-stub.o)
 .debug_loc     0x0000000000001d8a      0x3b3 /usr/lib/gcc/arm-none-eabi/6.3.1/../../../arm-none-eabi/lib/thumb/v6-m/libg_nano.a(lib_a-memmove.o)
 .debug_loc     0x000000000000213d      0x172 /usr/lib/gcc/arm-none-eabi/6.3.1/../../../arm-none-eabi/lib/thumb/v6-m/libg_nano.a(lib_a-nano-freer.o)
 .debug_loc     0x00000000000022af      0x294 /usr/lib/gcc/arm-none-eabi/6.3.1/../../../arm-none-eabi/lib/thumb/v6-m/libg_nano.a(lib_a-nano-mallocr.o)
 .debug_loc     0x0000000000002543      0x195 /usr/lib/gcc/arm-none-eabi/6.3.1/../../../arm-none-eabi/lib/thumb/v6-m/libg_nano.a(lib_a-nano-reallocr.o)
 .debug_loc     0x00000000000026d8       0x58 /usr/lib/gcc/arm-none-eabi/6.3.1/../../../arm-none-eabi/lib/thumb/v6-m/libg_nano.a(lib_a-sbrkr.o)
 .debug_loc     0x0000000000002730       0xa7 /usr/lib/gcc/arm-none-eabi/6.3.1/../../../arm-none-eabi/lib/thumb/v6-m/libg_nano.a(lib_a-nano-msizer.o)

.debug_macinfo
 *(.debug_macinfo)

.debug_weaknames
 *(.debug_weaknames)

.debug_funcnames
 *(.debug_funcnames)

.debug_typenames
 *(.debug_typenames)

.debug_varnames
 *(.debug_varnames)
OUTPUT(testproj.elf elf32-littlearm)

.debug_ranges   0x0000000000000000      0x3a8
 .debug_ranges  0x0000000000000000       0x18 ./system/src/newlib/_exit.o
 .debug_ranges  0x0000000000000018       0x10 ./system/src/newlib/_sbrk.o
 .debug_ranges  0x0000000000000028       0x78 ./system/src/newlib/_startup.o
 .debug_ranges  0x00000000000000a0       0x20 ./system/src/newlib/_syscalls.o
 .debug_ranges  0x00000000000000c0       0x28 ./system/src/diag/Trace.o
 .debug_ranges  0x00000000000000e8       0x38 ./system/src/diag/trace_impl.o
 .debug_ranges  0x0000000000000120       0x18 ./system/src/cortexm/_initialize_hardware.o
 .debug_ranges  0x0000000000000138       0x48 ./system/src/cortexm/exception_handlers.o
 .debug_ranges  0x0000000000000180       0x20 ./system/src/cmsis/system_stm32f0xx.o
 .debug_ranges  0x00000000000001a0       0x10 ./system/src/cmsis/vectors_stm32f0xx.o
 .debug_ranges  0x00000000000001b0       0x38 ./src/lcd_stm32f0.o
 .debug_ranges  0x00000000000001e8       0x58 ./src/main.o
 .debug_ranges  0x0000000000000240       0x48 /usr/lib/gcc/arm-none-eabi/6.3.1/../../../arm-none-eabi/lib/thumb/v6-m/libg_nano.a(lib_a-nano-svfprintf.o)
 .debug_ranges  0x0000000000000288       0xd0 /usr/lib/gcc/arm-none-eabi/6.3.1/../../../arm-none-eabi/lib/thumb/v6-m/libg_nano.a(lib_a-nano-vfprintf_i.o)
 .debug_ranges  0x0000000000000358       0x18 /usr/lib/gcc/arm-none-eabi/6.3.1/../../../arm-none-eabi/lib/thumb/v6-m/libg_nano.a(lib_a-nano-freer.o)
 .debug_ranges  0x0000000000000370       0x38 /usr/lib/gcc/arm-none-eabi/6.3.1/../../../arm-none-eabi/lib/thumb/v6-m/libg_nano.a(lib_a-nano-mallocr.o)

.debug_macro    0x0000000000000000     0x2860
 .debug_macro   0x0000000000000000      0x19c ./system/src/newlib/_exit.o
 .debug_macro   0x000000000000019c       0x9c ./system/src/newlib/_exit.o
 .debug_macro   0x0000000000000238      0x10e ./system/src/newlib/_exit.o
 .debug_macro   0x0000000000000346       0x8d ./system/src/newlib/_exit.o
 .debug_macro   0x00000000000003d3       0x43 ./system/src/newlib/_exit.o
 .debug_macro   0x0000000000000416      0x30d ./system/src/newlib/_exit.o
 .debug_macro   0x0000000000000723       0x35 ./system/src/newlib/_exit.o
 .debug_macro   0x0000000000000758      0x151 ./system/src/newlib/_sbrk.o
 .debug_macro   0x00000000000008a9      0x174 ./system/src/newlib/_sbrk.o
 .debug_macro   0x0000000000000a1d       0x10 ./system/src/newlib/_sbrk.o
 .debug_macro   0x0000000000000a2d      0x23b ./system/src/newlib/_sbrk.o
 .debug_macro   0x0000000000000c68      0x15b ./system/src/newlib/_startup.o
 .debug_macro   0x0000000000000dc3      0x1d1 ./system/src/newlib/_syscalls.o
 .debug_macro   0x0000000000000f94       0x1c ./system/src/newlib/_syscalls.o
 .debug_macro   0x0000000000000fb0       0x10 ./system/src/newlib/_syscalls.o
 .debug_macro   0x0000000000000fc0       0x10 ./system/src/newlib/_syscalls.o
 .debug_macro   0x0000000000000fd0       0x10 ./system/src/newlib/_syscalls.o
 .debug_macro   0x0000000000000fe0       0x35 ./system/src/newlib/_syscalls.o
 .debug_macro   0x0000000000001015      0x122 ./system/src/newlib/_syscalls.o
 .debug_macro   0x0000000000001137       0x88 ./system/src/newlib/_syscalls.o
 .debug_macro   0x00000000000011bf      0x10c ./system/src/newlib/_syscalls.o
 .debug_macro   0x00000000000012cb      0x159 ./system/src/newlib/_syscalls.o
 .debug_macro   0x0000000000001424       0x16 ./system/src/newlib/_syscalls.o
 .debug_macro   0x000000000000143a      0x1c9 ./system/src/diag/Trace.o
 .debug_macro   0x0000000000001603       0x16 ./system/src/diag/Trace.o
 .debug_macro   0x0000000000001619       0x97 ./system/src/diag/Trace.o
 .debug_macro   0x00000000000016b0       0xfd ./system/src/diag/Trace.o
 .debug_macro   0x00000000000017ad       0x10 ./system/src/diag/Trace.o
 .debug_macro   0x00000000000017bd       0x16 ./system/src/diag/Trace.o
 .debug_macro   0x00000000000017d3      0x189 ./system/src/diag/Trace.o
 .debug_macro   0x000000000000195c       0x52 ./system/src/diag/Trace.o
 .debug_macro   0x00000000000019ae       0x16 ./system/src/diag/Trace.o
 .debug_macro   0x00000000000019c4      0x2bc ./system/src/diag/trace_impl.o
 .debug_macro   0x0000000000001c80       0x10 ./system/src/diag/trace_impl.o
 .debug_macro   0x0000000000001c90       0xcf ./system/src/diag/trace_impl.o
 .debug_macro   0x0000000000001d5f       0xbe ./system/src/diag/trace_impl.o
 .debug_macro   0x0000000000001e1d       0x22 ./system/src/diag/trace_impl.o
 .debug_macro   0x0000000000001e3f      0x165 ./system/src/cortexm/_initialize_hardware.o
 .debug_macro   0x0000000000001fa4      0x2f2 ./system/src/cortexm/exception_handlers.o
 .debug_macro   0x0000000000002296       0x3b ./system/src/cortexm/exception_handlers.o
 .debug_macro   0x00000000000022d1       0x10 ./system/src/cortexm/exception_handlers.o
 .debug_macro   0x00000000000022e1      0x15b ./system/src/cmsis/system_stm32f0xx.o
 .debug_macro   0x000000000000243c       0x34 ./system/src/cmsis/vectors_stm32f0xx.o
 .debug_macro   0x0000000000002470      0x16a ./src/lcd_stm32f0.o
 .debug_macro   0x00000000000025da       0x82 ./src/lcd_stm32f0.o
 .debug_macro   0x000000000000265c      0x17c ./src/main.o
 .debug_macro   0x00000000000027d8       0x88 ./src/main.o
